1>2>3>Max Datos Procesados: 10
4>Cantidad Datos Planificacion: 10
5>6>7>Max Datos Procesados: 5
8>Cantidad Datos Planificacion: 5
9>Fin.
