1>2>3>Max Datos Procesados: 11
4>Cantidad Datos Planificacion: 11
5>6>7>Max Datos Procesados: 11
8>Cantidad Datos Planificacion: 11
9>Fin.
