1>2>3>Max Datos Procesados: 111
4>Cantidad Datos Planificacion: 111
5>Fin.
