1>2>3>4>Max Datos Procesados: 46
5>Cantidad Datos Planificacion: 46
6>7>8>Max Datos Procesados: 48
9>Cantidad Datos Planificacion: 48
10>Fin.
